exports[`<Home/> renders correctly 1`] = `
<div>
  <h1>
    HOME
  </h1>
  <h3>
    API call example:
  </h3>
  <Connect(ApiCallExample) />
</div>
`;
